intro.html:demo0 3
intro.html:demo1 5
intro.html:demo2 6
intro.html:demo5 21
intro.html:demo6 76
datatype.html:demo0 9
datatype.html:demo1 9
datatype.html:demo2 10
datatype.html:demo3 8
datatype.html:demo5 8
datatype.html:demo6 6
datatype.html:demo7 5
datatype.html:demo8 9
datatype.html:demo9 8
datatype.html:demo10 12
condition.html:demo0 6
condition.html:demo1 6
condition.html:demo2 5
condition.html:demo3 7
condition.html:demo4 7
condition.html:demo5 7
loop.html:demo0 20
loop.html:demo1 22
loop.html:demo2 13
loop.html:demo3 23
loop.html:demo4 23
loop.html:demo5 15
loop.html:demo6 46
loop.html:demo7 48
loop.html:demo8 72
loop.html:demo9 41
array1.html:demo0 6
array1.html:demo1 21
array1.html:demo2 7
array1.html:demo3 44
array1.html:demo4 78
array1.html:demo5 40
array1.html:demo6 15
array1.html:demo7 80
array1.html:demo8 38
array1.html:demo9 29
array2.html:demo0 5
array2.html:demo1 35
array2.html:demo2 35
array2.html:demo3 59
array2.html:demo4 83
array2.html:demo5 34
array2.html:demo6 31
function.html:demo0 9
function.html:demo1 13
function.html:demo2 12
function.html:demo3 24
function.html:demo4 25
function.html:demo5 24
function.html:demo6 40
function.html:demo7 49
function.html:demo8 51
function.html:demo9 42
function.html:demo10 48
pointer.html:demo0 6
pointer.html:demo1 8
pointer.html:demo2 22
pointer.html:demo3 7
pointer.html:demo4 6
pointer.html:demo5 7
pointer.html:demo6 21
pointer.html:demo7 64
pointer.html:demo8 8
pointer.html:demo9 24
struct.html:demo0 5
struct.html:demo1 16
struct.html:demo2 6
struct.html:demo3 4
struct.html:demo4 11
struct.html:demo5 6
struct.html:demo6 17
struct.html:demo7 23
struct.html:demo8 15
struct.html:demo9 18
file.html:demo0 7
file.html:demo1 19
file.html:demo2 11
file.html:demo3 15
Failures: []
